TEXT TEXT TEXT TEXT TEXT TEXT 
TEXT TEXT TEXT TEXT                  TEXT TEXT TEXT TEXT 

TEXT TEXT TEXT TEXT TEXT TEXT 
TEXT TEXT TEXT TEXT     
        
        
        
        
   TEXT TEXT TEXT TEXT 

TEXT // COMMENT 

TEXT ; COMMENT
