TEXT
#IFDEF DEBUG
   DEBUG_IS_ON
#ENDIF
TEXT
#IFNDEF DEBUG
   DEBUG_IS_OFF
#ENDIF
TEXT
