TEXT
FILE INCLUDE_1.LM
FILE INCLUDE_2.LM
HELLO!
FILE INCLUDE_2.LM
FILE INCLUDE_1.LM
TEXT