TEXT "HELLO ; HELLO" 
TEXT "HELLO // HELLO" 

TEXT 
TEXT 

IF_6_START:
	CPX #10
	BCC IF_6_ELSE
	BEQ IF_6_ELSE
   TEXT
IF_6_ELSE:
IF_6_END:

IF_10_START:
	CPX #10
	BMI IF_10_ELSE
	BEQ IF_10_ELSE
   TEXT
IF_10_ELSE:
IF_10_END:



  
           
                   
                   
             
         


               
               
               
               
               
               
               
               

          

       

       

        
                
      


             
              
      

             
              
    
              
      

                            

                     

                       

                            

           
       
                         
                    
       
           
       
       

                         

                      
       
                         
           
    

                        
       
    

                         

           
       
                           
             
    

    
      
        
        
                           
              
          
    

      
       
          
                 
                 
       
          


  
       
                        
          
                

  
       
                

  
       
                
  
